[     277ms] [LOG] [Fast Refresh] rebuilding @ http://localhost:3000/_next/static/chunks/node_modules_next_dist_1e8vcs8._.js:776
[    4029ms] [LOG] [Fast Refresh] done in 3855ms @ http://localhost:3000/_next/static/chunks/node_modules_next_dist_1e8vcs8._.js:776
[    4342ms] [INFO] %cDownload the React DevTools for a better development experience: https://react.dev/link/react-devtools font-weight:bold @ http://localhost:3000/_next/static/chunks/node_modules_next_dist_1e8vcs8._.js:776
[    4381ms] [LOG] [HMR] connected @ http://localhost:3000/_next/static/chunks/node_modules_next_dist_1e8vcs8._.js:776
[   40530ms] [ERROR] WebSocket connection to 'ws://localhost:3000/_next/hmr?id=VKHbfJt6Vn6AmmoluzSES' failed: Error in connection establishment: net::ERR_CONNECTION_REFUSED @ http://localhost:3000/_next/static/chunks/node_modules_next_dist_client_0_90u2t._.js:16256
[   43904ms] [ERROR] WebSocket connection to 'ws://localhost:3000/_next/hmr?id=VKHbfJt6Vn6AmmoluzSES' failed: Error in connection establishment: net::ERR_CONNECTION_REFUSED @ http://localhost:3000/_next/static/chunks/node_modules_next_dist_client_0_90u2t._.js:16256
[   47240ms] [ERROR] WebSocket connection to 'ws://localhost:3000/_next/hmr?id=VKHbfJt6Vn6AmmoluzSES' failed: Error in connection establishment: net::ERR_CONNECTION_REFUSED @ http://localhost:3000/_next/static/chunks/node_modules_next_dist_client_0_90u2t._.js:16256
[   50592ms] [ERROR] WebSocket connection to 'ws://localhost:3000/_next/hmr?id=VKHbfJt6Vn6AmmoluzSES' failed: Error in connection establishment: net::ERR_CONNECTION_REFUSED @ http://localhost:3000/_next/static/chunks/node_modules_next_dist_client_0_90u2t._.js:16256
[   53963ms] [ERROR] WebSocket connection to 'ws://localhost:3000/_next/hmr?id=VKHbfJt6Vn6AmmoluzSES' failed: Error in connection establishment: net::ERR_CONNECTION_REFUSED @ http://localhost:3000/_next/static/chunks/node_modules_next_dist_client_0_90u2t._.js:16256
[   61312ms] [ERROR] WebSocket connection to 'ws://localhost:3000/_next/hmr?id=VKHbfJt6Vn6AmmoluzSES' failed: Error in connection establishment: net::ERR_CONNECTION_REFUSED @ http://localhost:3000/_next/static/chunks/node_modules_next_dist_client_0_90u2t._.js:16256
[   68665ms] [ERROR] WebSocket connection to 'ws://localhost:3000/_next/hmr?id=VKHbfJt6Vn6AmmoluzSES' failed: Error in connection establishment: net::ERR_CONNECTION_REFUSED @ http://localhost:3000/_next/static/chunks/node_modules_next_dist_client_0_90u2t._.js:16256
[   75997ms] [ERROR] WebSocket connection to 'ws://localhost:3000/_next/hmr?id=VKHbfJt6Vn6AmmoluzSES' failed: Error in connection establishment: net::ERR_CONNECTION_REFUSED @ http://localhost:3000/_next/static/chunks/node_modules_next_dist_client_0_90u2t._.js:16256
[   83372ms] [ERROR] WebSocket connection to 'ws://localhost:3000/_next/hmr?id=VKHbfJt6Vn6AmmoluzSES' failed: Error in connection establishment: net::ERR_CONNECTION_REFUSED @ http://localhost:3000/_next/static/chunks/node_modules_next_dist_client_0_90u2t._.js:16256
[   90716ms] [ERROR] WebSocket connection to 'ws://localhost:3000/_next/hmr?id=VKHbfJt6Vn6AmmoluzSES' failed: Error in connection establishment: net::ERR_CONNECTION_REFUSED @ http://localhost:3000/_next/static/chunks/node_modules_next_dist_client_0_90u2t._.js:16256
[   98087ms] [ERROR] WebSocket connection to 'ws://localhost:3000/_next/hmr?id=VKHbfJt6Vn6AmmoluzSES' failed: Error in connection establishment: net::ERR_CONNECTION_REFUSED @ http://localhost:3000/_next/static/chunks/node_modules_next_dist_client_0_90u2t._.js:16256
[  105448ms] [ERROR] WebSocket connection to 'ws://localhost:3000/_next/hmr?id=VKHbfJt6Vn6AmmoluzSES' failed: Error in connection establishment: net::ERR_CONNECTION_REFUSED @ http://localhost:3000/_next/static/chunks/node_modules_next_dist_client_0_90u2t._.js:16256
[  134537ms] [INFO] %cDownload the React DevTools for a better development experience: https://react.dev/link/react-devtools font-weight:bold @ http://localhost:3000/_next/static/chunks/node_modules_next_dist_1e8vcs8._.js:776
[  134667ms] [LOG] [HMR] connected @ http://localhost:3000/_next/static/chunks/node_modules_next_dist_1e8vcs8._.js:776
[  135216ms] [LOG] [Fast Refresh] rebuilding @ http://localhost:3000/_next/static/chunks/node_modules_next_dist_1e8vcs8._.js:776
[  135331ms] [LOG] [Fast Refresh] done in 219ms @ http://localhost:3000/_next/static/chunks/node_modules_next_dist_1e8vcs8._.js:776
